Building DAG of jobs...
Using shell: /usr/bin/bash
Provided cores: 4
Rules claiming more threads will be scaled down.
Job stats:
job                 count
----------------  -------
all                     1
check_accessions        1
prepare_inputs          1
run_ara                 1
summarize               1
total                   5

Select jobs to execute...

[Mon Apr 20 12:43:11 2026]
rule prepare_inputs:
    output: results/accessions.txt, results/query.fasta
    log: logs/prepare_inputs.log
    jobid: 3
    reason: Missing output files: results/query.fasta, results/accessions.txt
    resources: tmpdir=/tmp

